MPLINK 4.49, Linker
Linker Map File - Created Thu Jun 27 18:22:55 2019

                                 Section Info
                  Section       Type    Address   Location Size(Bytes)
                ---------  ---------  ---------  ---------  ---------
                   .org_0       code   0x000000    program   0x000000
                   .org_1       code   0x000000    program   0x000002
                   .org_2       code   0x000005    program   0x000018
      .config_2007_EJ23.O       code   0x002007    program   0x000002



                              Program Memory Usage 
                               Start         End      
                           ---------   ---------      
                            0x000000    0x000000      
                            0x000005    0x000010      
                            0x002007    0x002007      
            14 out of 8454 program addresses used, program memory utilization is 0%



                              Symbols - Sorted by Name
                     Name    Address   Location    Storage File                     
                ---------  ---------  ---------  --------- ---------                
                  apagado   0x00000d    program     static C:\Users\Rafa-PC\Documents\Repositorios\PIC-Assembly\Ej23.asm
                    bucle   0x00000a    program     static C:\Users\Rafa-PC\Documents\Repositorios\PIC-Assembly\Ej23.asm
                encendido   0x00000f    program     static C:\Users\Rafa-PC\Documents\Repositorios\PIC-Assembly\Ej23.asm
                    setup   0x000005    program     static C:\Users\Rafa-PC\Documents\Repositorios\PIC-Assembly\Ej23.asm



                              Symbols - Sorted by Address
                     Name    Address   Location    Storage File                     
                ---------  ---------  ---------  --------- ---------                
                    setup   0x000005    program     static C:\Users\Rafa-PC\Documents\Repositorios\PIC-Assembly\Ej23.asm
                    bucle   0x00000a    program     static C:\Users\Rafa-PC\Documents\Repositorios\PIC-Assembly\Ej23.asm
                  apagado   0x00000d    program     static C:\Users\Rafa-PC\Documents\Repositorios\PIC-Assembly\Ej23.asm
                encendido   0x00000f    program     static C:\Users\Rafa-PC\Documents\Repositorios\PIC-Assembly\Ej23.asm


